C51 COMPILER V9.60.0.0   SEVENSEGMENTS                                                     04/26/2020 08:41:20 PAGE 1   


C51 COMPILER V9.60.0.0, COMPILATION OF MODULE SEVENSEGMENTS
OBJECT MODULE PLACED IN .\Objects\SevenSegments.obj
COMPILER INVOKED BY: C:\Keil_v5\C51\BIN\C51.EXE SevenSegments.c OPTIMIZE(8,SPEED) BROWSE DEBUG OBJECTEXTEND PRINT(.\List
                    -ings\SevenSegments.lst) TABS(2) OBJECT(.\Objects\SevenSegments.obj)

line level    source

   1          #include "DIO.h"
   2          #include "std_macros.h"
   3          #include <c8051f020.h>
   4          
   5          
   6          void seven_seg_init(unsigned char portname , unsigned char setPosition)
   7          {
   8   1        if (setPosition == 0 )
   9   1        {
  10   2        DIO_setPin_OutPutMode(portname,0,1);
  11   2        DIO_setPin_OutPutMode(portname,1,1);
  12   2        DIO_setPin_OutPutMode(portname,2,1);
  13   2        DIO_setPin_OutPutMode(portname,3,1);
  14   2        }
  15   1        else
  16   1        {
  17   2        DIO_setPin_OutPutMode(portname,4,1);
  18   2        DIO_setPin_OutPutMode(portname,5,1);
  19   2        DIO_setPin_OutPutMode(portname,6,1);
  20   2        DIO_setPin_OutPutMode(portname,7,1);
  21   2        }
  22   1      }
  23          void seven_seg_write(unsigned char portname,unsigned char value ,unsigned char setPosition)
  24          {
  25   1        if (setPosition == 0 )
  26   1        {
  27   2        write_low_nibble(portname,value);
  28   2        }
  29   1        else
  30   1        {
  31   2          write_high_nibble(portname,value);
  32   2        }
  33   1      }


MODULE INFORMATION:   STATIC OVERLAYABLE
   CODE SIZE        =     88    ----
   CONSTANT SIZE    =   ----    ----
   XDATA SIZE       =   ----    ----
   PDATA SIZE       =   ----    ----
   DATA SIZE        =   ----       3
   IDATA SIZE       =   ----    ----
   BIT SIZE         =   ----    ----
END OF MODULE INFORMATION.


C51 COMPILATION COMPLETE.  0 WARNING(S),  0 ERROR(S)
