C51 COMPILER V9.01   PROJECT                                                               04/12/2020 15:33:44 PAGE 1   


C51 COMPILER V9.01, COMPILATION OF MODULE PROJECT
OBJECT MODULE PLACED IN project.OBJ
COMPILER INVOKED BY: C:\Keil\C51\BIN\C51.EXE project.c BROWSE DEBUG OBJECTEXTEND

line level    source

   1          #include <reg51.h>
   2          sbit R0=P1^0;
   3          sbit R1=P1^1;
   4          sbit R2=P1^2;
   5          sbit R3=P1^3;
   6          sbit C0=P1^4;
   7          sbit C1=P1^5;
   8          sbit C2=P1^6;
   9          void seg(unsigned int);
  10          
  11          void main()
  12          {
  13   1              R0=R1=R2=R3=1;
  14   1              R0=0;
  15   1              if(C0==0)
  16   1                      seg(0xF9);
  17   1              
  18   1                      R0=R1=R2=R3=1;
  19   1              R0=0;
  20   1              if(C1==0)
  21   1                      seg(0xA4);
  22   1              
  23   1                      R0=R1=R2=R3=1;
  24   1              R0=0;
  25   1              if(C2==0)
  26   1                      seg(0xB0);
  27   1              
  28   1                      R0=R1=R2=R3=1;
  29   1              R1=0;
  30   1              if(C0==0)
  31   1                      seg(0x99);
  32   1              
  33   1                      R0=R1=R2=R3=1;
  34   1              R1=0;
  35   1              if(C1==0)
  36   1                      seg(0x92);
  37   1              
  38   1              R0=R1=R2=R3=1;
  39   1              R1=0;
  40   1              if(C2==0)
  41   1                      seg(0x82);
  42   1              
  43   1                      R0=R1=R2=R3=1;
  44   1              R2=0;
  45   1              if(C0==0)
  46   1                      seg(0xF8);
  47   1              
  48   1                      R0=R1=R2=R3=1;
  49   1              R2=0;
  50   1              if(C1==0)
  51   1                      seg(0x80);
  52   1              
  53   1                      R0=R1=R2=R3=1;
  54   1              R2=0;
  55   1              if(C2==0)
C51 COMPILER V9.01   PROJECT                                                               04/12/2020 15:33:44 PAGE 2   

  56   1                      seg(0x90);
  57   1      
  58   1              R0=R1=R2=R3=1;
  59   1              R3=0;
  60   1              if(C1==0)
  61   1                      seg(0xC0);
  62   1              
  63   1      }
  64          void seg(unsigned int ch)
  65          {
  66   1              P2=0x00;
  67   1              P2=ch;
  68   1      }       


MODULE INFORMATION:   STATIC OVERLAYABLE
   CODE SIZE        =    207    ----
   CONSTANT SIZE    =   ----    ----
   XDATA SIZE       =   ----    ----
   PDATA SIZE       =   ----    ----
   DATA SIZE        =   ----    ----
   IDATA SIZE       =   ----    ----
   BIT SIZE         =   ----    ----
END OF MODULE INFORMATION.


C51 COMPILATION COMPLETE.  0 WARNING(S),  0 ERROR(S)
