C51 COMPILER V9.01   STEPPER                                                               04/15/2020 23:03:28 PAGE 1   


C51 COMPILER V9.01, COMPILATION OF MODULE STEPPER
OBJECT MODULE PLACED IN stepper.OBJ
COMPILER INVOKED BY: C:\Keil\C51\BIN\C51.EXE stepper.c BROWSE DEBUG OBJECTEXTEND

line level    source

   1          #include <c8051f020.h>
   2          #include <DIO.h>
   3          
   4          void delay_ms(unsigned int k)
   5          {
   6   1        unsigned int i,j;
   7   1           for(i=0;i<=k;i++)
   8   1                  for(j=0;j<110;j++);
   9   1      }
  10          unsigned char m;
  11          signed char a;
  12          unsigned char rot_angle[] = {0x06,0x03,0x09,0x0C};
  13          void main()
  14          {
  15   1         DIO_setPort_OutPutMode(2,0);
  16   1         
  17   1      
  18   1         
  19   1         
  20   1         while(1)
  21   1         {
  22   2               //motor1
  23   2                for(m = 0; m<4; m++){
  24   3                
  25   3                   write_low_nibble(2,rot_angle[m]);
  26   3                       delay_ms(1000);}
  27   2                
  28   2                
  29   2                
  30   2                
  31   2                //motor 2
  32   2                for(a = 3; a>=0;a--){
  33   3                
  34   3                   write_high_nibble(2,rot_angle[a]);
  35   3                       delay_ms(1000);}
  36   2                       /*
  37   2                write_high_nibble(2,0x06);
  38   2                delay_ms(1000);
  39   2                write_high_nibble(2,0x03);
  40   2                delay_ms(1000);
  41   2                write_high_nibble(2,0x09);
  42   2                delay_ms(1000);
  43   2                write_high_nibble(2,0x0c);
  44   2                delay_ms(1000);
  45   2                       */
  46   2         }
  47   1      }


MODULE INFORMATION:   STATIC OVERLAYABLE
   CODE SIZE        =    105    ----
   CONSTANT SIZE    =   ----    ----
   XDATA SIZE       =   ----    ----
   PDATA SIZE       =   ----    ----
   DATA SIZE        =      6    ----
C51 COMPILER V9.01   STEPPER                                                               04/15/2020 23:03:28 PAGE 2   

   IDATA SIZE       =   ----    ----
   BIT SIZE         =   ----    ----
END OF MODULE INFORMATION.


C51 COMPILATION COMPLETE.  0 WARNING(S),  0 ERROR(S)
