C51 COMPILER V8.08   TEXT1                                                                 04/12/2020 17:53:59 PAGE 1   


C51 COMPILER V8.08, COMPILATION OF MODULE TEXT1
OBJECT MODULE PLACED IN Text1.OBJ
COMPILER INVOKED BY: c:\SiLabs\MCU\IDEfiles\C51\BIN\C51.EXE Text1.c BROWSE DEBUG OBJECTEXTEND

line level    source

   1          #include <reg51.h>
   2          sbit R0=P1^0;
   3          sbit R1=P1^1;
   4          sbit R2=P1^2;
   5          sbit R3=P1^3;
   6          sbit C0=P1^4;
   7          sbit C1=P1^5;
   8          sbit C2=P1^6;
   9          void seg(unsigned int);
  10          
  11          void main()
  12          {
  13   1              R0=R1=R2=R3=1;
  14   1              R0=0;
  15   1              if(C0==0)
  16   1                      seg(0xF9);
  17   1              
  18   1                      R0=R1=R2=R3=1;
  19   1              R0=0;
  20   1              if(C1==0)
  21   1                      seg(0xA4);
  22   1              
  23   1                      R0=R1=R2=R3=1;
  24   1              R0=0;
  25   1              if(C2==0)
  26   1                      seg(0xB0);
  27   1              
  28   1                      R0=R1=R2=R3=1;
  29   1              R1=0;
  30   1              if(C0==0)
  31   1                      seg(0x99);
  32   1              
  33   1                      R0=R1=R2=R3=1;
  34   1      
  35   1      }
  36          void seg(unsigned int ch)
  37          {
  38   1              P2=0x00;
  39   1              P2=ch;
  40   1      }       


MODULE INFORMATION:   STATIC OVERLAYABLE
   CODE SIZE        =     95    ----
   CONSTANT SIZE    =   ----    ----
   XDATA SIZE       =   ----    ----
   PDATA SIZE       =   ----    ----
   DATA SIZE        =   ----    ----
   IDATA SIZE       =   ----    ----
   BIT SIZE         =   ----    ----
END OF MODULE INFORMATION.


C51 COMPILATION COMPLETE.  0 WARNING(S),  0 ERROR(S)
